---
source: tests/cli_integration_tests.rs
expression: stderr
---
error: the following required arguments were not provided:
  <FILE>

Usage: rmagic.exe --json <FILE>

For more information, try '--help'.
error: process didn't exit successfully: `target\debug\rmagic.exe --json` (exit code: 2)
