---
source: tests/cli_integration_tests.rs
expression: output
---
test_files/large.bin: data
