---
source: tests/cli_integration_tests.rs
expression: output
---
test_files/test_custom.bin: data
