---
source: tests/cli_integration_tests.rs
expression: stdout
---
test_files/sample.bin: data
